Vivado Simulator v2026.1
Copyright 1986-2022 Xilinx, Inc. All Rights Reserved.
Copyright 2022-2026 Advanced Micro Devices, Inc. All Rights Reserved.
Running: C:/AMDDesignTools/2026.1/Vivado/bin/unwrapped/win64.o/xelab.exe --incr --debug typical --relax --mt 2 -L xil_defaultlib -L uvm -L unisims_ver -L unimacro_ver -L secureip --snapshot fft8_pipelined_tb_behav xil_defaultlib.fft8_pipelined_tb xil_defaultlib.glbl -log elaborate.log 
INFO: [XSIM 43-3493] Using 2 slave threads.
Starting static elaboration
Pass Through NonSizing Optimizer
Completed static elaboration
Starting simulation data flow analysis
Completed simulation data flow analysis
Time Resolution for simulation is 1ps
Compiling package xil_defaultlib.fft_pkg
Compiling module xil_defaultlib.twiddle_rom_default
Compiling module xil_defaultlib.complex_multiplier_default
Compiling module xil_defaultlib.butterfly_default
Compiling module xil_defaultlib.fft_stage1_default
Compiling module xil_defaultlib.fft_stage2_default
Compiling module xil_defaultlib.fft_stage3_default
Compiling module xil_defaultlib.fft8_top_default
Compiling module xil_defaultlib.fft8_pipelined_tb
Compiling module xil_defaultlib.glbl
Built simulation snapshot fft8_pipelined_tb_behav
